******************************************************************************
            TI ARM Clang Linker PC v4.0.3                      
******************************************************************************
>> Linked Fri Mar  6 20:10:43 2026

OUTPUT FILE NAME:   <empty_LP_MSPM0G3507_nortos_ticlang.out>
ENTRY POINT SYMBOL: "_c_int00_noargs"  address: 00000edd


MEMORY CONFIGURATION

         name            origin    length      used     unused   attr    fill
----------------------  --------  ---------  --------  --------  ----  --------
  FLASH                 00000000   00020000  000010d8  0001ef28  R  X
  SRAM                  20200000   00008000  00000477  00007b89  RW X
  BCR_CONFIG            41c00000   000000ff  00000000  000000ff  R   
  BSL_CONFIG            41c00100   00000080  00000000  00000080  R   


SEGMENT ALLOCATION MAP

run origin  load origin   length   init length attrs members
----------  ----------- ---------- ----------- ----- -------
00000000    00000000    000010d8   000010d8    r-x
  00000000    00000000    000000c0   000000c0    r-- .intvecs
  000000c0    000000c0    00000fa8   00000fa8    r-x .text
  00001068    00001068    00000028   00000028    r-- .rodata
  00001090    00001090    00000048   00000048    r-- .cinit
20200000    20200000    00000277   00000000    rw-
  20200000    20200000    00000228   00000000    rw- .bss
  20200228    20200228    0000004f   00000000    rw- .data
20207e00    20207e00    00000200   00000000    rw-
  20207e00    20207e00    00000200   00000000    rw- .stack


SECTION ALLOCATION MAP

 output                                  attributes/
section   page    origin      length       input sections
--------  ----  ----------  ----------   ----------------
.intvecs   0    00000000    000000c0     
                  00000000    000000c0     startup_mspm0g350x_ticlang.o (.intvecs)

.text      0    000000c0    00000fa8     
                  000000c0    000002c0     line.o (.text.setspeed_pid)
                  00000380    00000104     driverlib.a : dl_timer.o (.text.DL_Timer_initFourCCPWMMode)
                  00000484    000000f0     line.o (.text.error_get)
                  00000574    000000e8     driverlib.a : dl_timer.o (.text.DL_Timer_initTimerMode)
                  0000065c    000000d8     libclang_rt.builtins.a : addsf3.S.obj (.text)
                  00000734    000000b4     ti_msp_dl_config.o (.text.SYSCFG_DL_GPIO_init)
                  000007e8    0000009a     libc.a : memcpy16.S.obj (.text:memcpy)
                  00000882    00000002     startup_mspm0g350x_ticlang.o (.text.Default_Handler)
                  00000884    00000090     ti_msp_dl_config.o (.text.SYSCFG_DL_PWM_MOTOR_init)
                  00000914    0000008c     libclang_rt.builtins.a : mulsf3.S.obj (.text.__mulsf3)
                  000009a0    0000008c     Motor.o (.text.motor)
                  00000a2c    0000007c     libc.a : copy_decompress_lzss.c.obj (.text:decompress:lzss)
                  00000aa8    00000064     line.o (.text.PID_Reset)
                  00000b0c    00000054     ti_msp_dl_config.o (.text.SYSCFG_DL_ENCODER_L_init)
                  00000b60    00000054     ti_msp_dl_config.o (.text.SYSCFG_DL_I2C_OLED_init)
                  00000bb4    00000054     ti_msp_dl_config.o (.text.SYSCFG_DL_initPower)
                  00000c08    00000050     sensor.o (.text.digtal)
                  00000c58    00000050     empty.o (.text.main)
                  00000ca8    00000044     ti_msp_dl_config.o (.text.SYSCFG_DL_init)
                  00000cec    00000040     ti_msp_dl_config.o (.text.SYSCFG_DL_SYSCTL_init)
                  00000d2c    0000003c     Encoder.o (.text.GROUP1_IRQHandler)
                  00000d68    0000003c     libclang_rt.builtins.a : floatsisf.S.obj (.text.__floatsisf)
                  00000da4    0000003c     libc.a : autoinit.c.obj (.text:__TI_auto_init_nobinit_nopinit)
                  00000de0    0000003a     libclang_rt.builtins.a : muldsi3.S.obj (.text.__muldsi3)
                  00000e1a    00000002     Delay.o (.text.Delay_Init)
                  00000e1c    00000038     libclang_rt.builtins.a : fixsfsi.S.obj (.text.__fixsfsi)
                  00000e54    00000030     ti_msp_dl_config.o (.text.SYSCFG_DL_SYSTICK_init)
                  00000e84    0000002c     Encoder.o (.text.Read_Encoder)
                  00000eb0    0000002c     ti_msp_dl_config.o (.text.SYSCFG_DL_TIMER_10MS_init)
                  00000edc    00000028     libc.a : boot_cortex_m.c.obj (.text:_c_int00_noargs)
                  00000f04    00000026     driverlib.a : dl_i2c.o (.text.DL_I2C_setClockConfig)
                  00000f2a    00000002     --HOLE-- [fill = 0]
                  00000f2c    00000024     Motor.o (.text.Motor_Init)
                  00000f50    0000001c     driverlib.a : dl_timer.o (.text.DL_Timer_setCaptCompUpdateMethod)
                  00000f6c    0000001c                 : dl_timer.o (.text.DL_Timer_setClockConfig)
                  00000f88    0000001c     PWM.o (.text.PWM_SetMotorA)
                  00000fa4    0000001c     PWM.o (.text.PWM_SetMotorB)
                  00000fc0    00000018     driverlib.a : dl_timer.o (.text.DL_Timer_setCaptureCompareOutCtl)
                  00000fd8    00000016     libc.a : copy_zero_init.c.obj (.text:decompress:ZI:__TI_zero_init_nomemset)
                  00000fee    00000012            : copy_decompress_none.c.obj (.text:decompress:none)
                  00001000    00000010     driverlib.a : dl_timer.o (.text.DL_Timer_setCaptureCompareValue)
                  00001010    00000010     PWM.o (.text.PWM_Init)
                  00001020    00000010     empty.o (.text.SysTick_Handler)
                  00001030    0000000e     Delay.o (.text.Delay_ms)
                  0000103e    0000000a     driverlib.a : dl_common.o (.text.DL_Common_delayCycles)
                  00001048    00000008     libclang_rt.builtins.a : aeabi_memcpy.S.obj (.text.__aeabi_memcpy)
                  00001050    00000006     libc.a : exit.c.obj (.text:abort)
                  00001056    00000004     libsysbm.a : hostexit.c.obj (.text.HOSTexit)
                  0000105a    00000004     startup_mspm0g350x_ticlang.o (.text.Reset_Handler)
                  0000105e    00000004     libc.a : pre_init.c.obj (.text._system_pre_init)
                  00001062    00000006     --HOLE-- [fill = 0]

.cinit     0    00001090    00000048     
                  00001090    00000024     (.cinit..data.load) [load image, compression = lzss]
                  000010b4    0000000c     (__TI_handler_table)
                  000010c0    00000008     (.cinit..bss.load) [load image, compression = zero_init]
                  000010c8    00000010     (__TI_cinit_table)

.rodata    0    00001068    00000028     
                  00001068    00000014     ti_msp_dl_config.o (.rodata.gTIMER_10MSTimerConfig)
                  0000107c    00000008     ti_msp_dl_config.o (.rodata.gPWM_MOTORConfig)
                  00001084    00000003     ti_msp_dl_config.o (.rodata.gENCODER_LClockConfig)
                  00001087    00000003     ti_msp_dl_config.o (.rodata.gPWM_MOTORClockConfig)
                  0000108a    00000003     ti_msp_dl_config.o (.rodata.gTIMER_10MSClockConfig)
                  0000108d    00000002     ti_msp_dl_config.o (.rodata.gI2C_OLEDClockConfig)
                  0000108f    00000001     --HOLE-- [fill = 0]

.init_array 
*          0    00000000    00000000     UNINITIALIZED

.binit     0    00000000    00000000     

.bss       0    20200000    00000228     UNINITIALIZED
                  20200000    000000bc     (.common:gPWM_MOTORBackup)
                  202000bc    000000bc     (.common:gTIMER_10MSBackup)
                  20200178    000000a0     (.common:gENCODER_LBackup)
                  20200218    00000004     (.common:Velocity_PWM1)
                  2020021c    00000004     (.common:Velocity_PWM2)
                  20200220    00000004     (.common:encoder_A)
                  20200224    00000004     (.common:encoder_B)

.data      0    20200228    0000004f     UNINITIALIZED
                  20200228    0000000c     line.o (.data.left)
                  20200234    0000000c     line.o (.data.right)
                  20200240    00000004     line.o (.data.PWM_BASIC)
                  20200244    00000004     line.o (.data.Turn_Lock_State)
                  20200248    00000004     line.o (.data.Vel_A_ControlVelocity)
                  2020024c    00000004     line.o (.data.Vel_A_Last_bias)
                  20200250    00000004     line.o (.data.Vel_B_ControlVelocity)
                  20200254    00000004     line.o (.data.Vel_B_Last_bias)
                  20200258    00000004     line.o (.data.Velcity_Kd1)
                  2020025c    00000004     line.o (.data.Velcity_Kd2)
                  20200260    00000004     line.o (.data.Velcity_Ki1)
                  20200264    00000004     line.o (.data.Velcity_Ki2)
                  20200268    00000004     line.o (.data.Velcity_Kp1)
                  2020026c    00000004     line.o (.data.Velcity_Kp2)
                  20200270    00000004     empty.o (.data.time)
                  20200274    00000002     Encoder.o (.data.encoder_r_count)
                  20200276    00000001     line.o (.data.RorL)

.stack     0    20207e00    00000200     UNINITIALIZED
                  20207e00    00000004     libc.a : boot_cortex_m.c.obj (.stack)
                  20207e04    000001fc     --HOLE--

__llvm_prf_cnts 
*          0    20200000    00000000     UNINITIALIZED

__llvm_prf_bits 
*          0    20200000    00000000     UNINITIALIZED

MODULE SUMMARY

       Module                         code   ro data   rw data
       ------                         ----   -------   -------
    .\
       ti_msp_dl_config.o             800    39        536    
       line.o                         1044   0         89     
       startup_mspm0g350x_ticlang.o   6      192       0      
       Motor.o                        176    0         0      
       Encoder.o                      104    0         2      
       empty.o                        96     0         4      
       sensor.o                       80     0         0      
       PWM.o                          72     0         0      
       Delay.o                        16     0         0      
    +--+------------------------------+------+---------+---------+
       Total:                         2394   231       631    
                                                              
    C:/ti/mspm0_sdk_2_05_01_00/source/ti/driverlib/lib/ticlang/m0p/mspm0g1x0x_g3x0x/driverlib.a
       dl_timer.o                     588    0         0      
       dl_i2c.o                       38     0         0      
       dl_common.o                    10     0         0      
    +--+------------------------------+------+---------+---------+
       Total:                         636    0         0      
                                                              
    C:\ti\ccs2020\ccs\tools\compiler\ti-cgt-armllvm_4.0.3.LTS\lib\armv6m-ti-none-eabi/c/libc.a
       memcpy16.S.obj                 154    0         0      
       copy_decompress_lzss.c.obj     124    0         0      
       autoinit.c.obj                 60     0         0      
       boot_cortex_m.c.obj            40     0         0      
       copy_zero_init.c.obj           22     0         0      
       copy_decompress_none.c.obj     18     0         0      
       exit.c.obj                     6      0         0      
       pre_init.c.obj                 4      0         0      
    +--+------------------------------+------+---------+---------+
       Total:                         428    0         0      
                                                              
    C:\ti\ccs2020\ccs\tools\compiler\ti-cgt-armllvm_4.0.3.LTS\lib\armv6m-ti-none-eabi/c/libsysbm.a
       hostexit.c.obj                 4      0         0      
    +--+------------------------------+------+---------+---------+
       Total:                         4      0         0      
                                                              
    C:\ti\ccs2020\ccs\tools\compiler\ti-cgt-armllvm_4.0.3.LTS\lib\armv6m-ti-none-eabi/libclang_rt.builtins.a
       addsf3.S.obj                   216    0         0      
       mulsf3.S.obj                   140    0         0      
       floatsisf.S.obj                60     0         0      
       muldsi3.S.obj                  58     0         0      
       fixsfsi.S.obj                  56     0         0      
       aeabi_memcpy.S.obj             8      0         0      
    +--+------------------------------+------+---------+---------+
       Total:                         538    0         0      
                                                              
       Stack:                         0      0         512    
       Linker Generated:              0      72        0      
    +--+------------------------------+------+---------+---------+
       Grand Total:                   4000   303       1143   


LINKER GENERATED COPY TABLES

__TI_cinit_table @ 000010c8 records: 2, size/record: 8, table size: 16
	.data: load addr=00001090, load size=00000024 bytes, run addr=20200228, run size=0000004f bytes, compression=lzss
	.bss: load addr=000010c0, load size=00000008 bytes, run addr=20200000, run size=00000228 bytes, compression=zero_init


LINKER GENERATED HANDLER TABLE

__TI_handler_table @ 000010b4 records: 3, size/record: 4, table size: 12
	index: 0, handler: __TI_decompress_lzss
	index: 1, handler: __TI_decompress_none
	index: 2, handler: __TI_zero_init


GLOBAL SYMBOLS: SORTED ALPHABETICALLY BY Name 

address   name                            
-------   ----                            
00000883  ADC0_IRQHandler                 
00000883  ADC1_IRQHandler                 
00000883  AES_IRQHandler                  
00001056  C$$EXIT                         
00000883  CANFD0_IRQHandler               
00000883  DAC0_IRQHandler                 
0000103f  DL_Common_delayCycles           
00000f05  DL_I2C_setClockConfig           
00000381  DL_Timer_initFourCCPWMMode      
00000575  DL_Timer_initTimerMode          
00000f51  DL_Timer_setCaptCompUpdateMethod
00000fc1  DL_Timer_setCaptureCompareOutCtl
00001001  DL_Timer_setCaptureCompareValue 
00000f6d  DL_Timer_setClockConfig         
00000883  DMA_IRQHandler                  
00000883  Default_Handler                 
00000e1b  Delay_Init                      
00001031  Delay_ms                        
00000883  GROUP0_IRQHandler               
00000d2d  GROUP1_IRQHandler               
00001057  HOSTexit                        
00000883  HardFault_Handler               
00000883  I2C0_IRQHandler                 
00000883  I2C1_IRQHandler                 
00000f2d  Motor_Init                      
00000883  NMI_Handler                     
00000aa9  PID_Reset                       
20200240  PWM_BASIC                       
00001011  PWM_Init                        
00000f89  PWM_SetMotorA                   
00000fa5  PWM_SetMotorB                   
00000883  PendSV_Handler                  
00000883  RTC_IRQHandler                  
00000e85  Read_Encoder                    
0000105b  Reset_Handler                   
20200276  RorL                            
00000883  SPI0_IRQHandler                 
00000883  SPI1_IRQHandler                 
00000883  SVC_Handler                     
00000b0d  SYSCFG_DL_ENCODER_L_init        
00000735  SYSCFG_DL_GPIO_init             
00000b61  SYSCFG_DL_I2C_OLED_init         
00000885  SYSCFG_DL_PWM_MOTOR_init        
00000ced  SYSCFG_DL_SYSCTL_init           
00000e55  SYSCFG_DL_SYSTICK_init          
00000eb1  SYSCFG_DL_TIMER_10MS_init       
00000ca9  SYSCFG_DL_init                  
00000bb5  SYSCFG_DL_initPower             
00001021  SysTick_Handler                 
00000883  TIMA0_IRQHandler                
00000883  TIMA1_IRQHandler                
00000883  TIMG0_IRQHandler                
00000883  TIMG12_IRQHandler               
00000883  TIMG6_IRQHandler                
00000883  TIMG7_IRQHandler                
00000883  TIMG8_IRQHandler                
20200244  Turn_Lock_State                 
00000883  UART0_IRQHandler                
00000883  UART1_IRQHandler                
00000883  UART2_IRQHandler                
00000883  UART3_IRQHandler                
20200248  Vel_A_ControlVelocity           
2020024c  Vel_A_Last_bias                 
20200250  Vel_B_ControlVelocity           
20200254  Vel_B_Last_bias                 
20200258  Velcity_Kd1                     
2020025c  Velcity_Kd2                     
20200260  Velcity_Ki1                     
20200264  Velcity_Ki2                     
20200268  Velcity_Kp1                     
2020026c  Velcity_Kp2                     
20200218  Velocity_PWM1                   
2020021c  Velocity_PWM2                   
20208000  __STACK_END                     
00000200  __STACK_SIZE                    
00000000  __TI_ATRegion0_region_sz        
00000000  __TI_ATRegion0_src_addr         
00000000  __TI_ATRegion0_trg_addr         
00000000  __TI_ATRegion1_region_sz        
00000000  __TI_ATRegion1_src_addr         
00000000  __TI_ATRegion1_trg_addr         
00000000  __TI_ATRegion2_region_sz        
00000000  __TI_ATRegion2_src_addr         
00000000  __TI_ATRegion2_trg_addr         
000010c8  __TI_CINIT_Base                 
000010d8  __TI_CINIT_Limit                
000010d8  __TI_CINIT_Warm                 
000010b4  __TI_Handler_Table_Base         
000010c0  __TI_Handler_Table_Limit        
00000da5  __TI_auto_init_nobinit_nopinit  
00000a2d  __TI_decompress_lzss            
00000fef  __TI_decompress_none            
ffffffff  __TI_pprof_out_hndl             
ffffffff  __TI_prof_data_size             
ffffffff  __TI_prof_data_start            
00000000  __TI_static_base__              
00000fd9  __TI_zero_init_nomemset         
00000667  __addsf3                        
00000e1d  __aeabi_f2iz                    
00000667  __aeabi_fadd                    
00000915  __aeabi_fmul                    
0000065d  __aeabi_fsub                    
00000d69  __aeabi_i2f                     
00001049  __aeabi_memcpy                  
00001049  __aeabi_memcpy4                 
00001049  __aeabi_memcpy8                 
ffffffff  __binit__                       
00000e1d  __fixsfsi                       
00000d69  __floatsisf                     
UNDEFED   __mpu_init                      
00000de1  __muldsi3                       
00000915  __mulsf3                        
20207e00  __stack                         
20200000  __start___llvm_prf_bits         
20200000  __start___llvm_prf_cnts         
20200000  __stop___llvm_prf_bits          
20200000  __stop___llvm_prf_cnts          
0000065d  __subsf3                        
00000edd  _c_int00_noargs                 
UNDEFED   _system_post_cinit              
0000105f  _system_pre_init                
00001051  abort                           
ffffffff  binit                           
00000c09  digtal                          
20200220  encoder_A                       
20200224  encoder_B                       
20200274  encoder_r_count                 
00000485  error_get                       
20200178  gENCODER_LBackup                
20200000  gPWM_MOTORBackup                
202000bc  gTIMER_10MSBackup               
00000000  interruptVectors                
20200228  left                            
00000c59  main                            
000007e9  memcpy                          
000009a1  motor                           
20200234  right                           
000000c1  setspeed_pid                    
20200270  time                            


GLOBAL SYMBOLS: SORTED BY Symbol Address 

address   name                            
-------   ----                            
00000000  __TI_ATRegion0_region_sz        
00000000  __TI_ATRegion0_src_addr         
00000000  __TI_ATRegion0_trg_addr         
00000000  __TI_ATRegion1_region_sz        
00000000  __TI_ATRegion1_src_addr         
00000000  __TI_ATRegion1_trg_addr         
00000000  __TI_ATRegion2_region_sz        
00000000  __TI_ATRegion2_src_addr         
00000000  __TI_ATRegion2_trg_addr         
00000000  __TI_static_base__              
00000000  interruptVectors                
000000c1  setspeed_pid                    
00000200  __STACK_SIZE                    
00000381  DL_Timer_initFourCCPWMMode      
00000485  error_get                       
00000575  DL_Timer_initTimerMode          
0000065d  __aeabi_fsub                    
0000065d  __subsf3                        
00000667  __addsf3                        
00000667  __aeabi_fadd                    
00000735  SYSCFG_DL_GPIO_init             
000007e9  memcpy                          
00000883  ADC0_IRQHandler                 
00000883  ADC1_IRQHandler                 
00000883  AES_IRQHandler                  
00000883  CANFD0_IRQHandler               
00000883  DAC0_IRQHandler                 
00000883  DMA_IRQHandler                  
00000883  Default_Handler                 
00000883  GROUP0_IRQHandler               
00000883  HardFault_Handler               
00000883  I2C0_IRQHandler                 
00000883  I2C1_IRQHandler                 
00000883  NMI_Handler                     
00000883  PendSV_Handler                  
00000883  RTC_IRQHandler                  
00000883  SPI0_IRQHandler                 
00000883  SPI1_IRQHandler                 
00000883  SVC_Handler                     
00000883  TIMA0_IRQHandler                
00000883  TIMA1_IRQHandler                
00000883  TIMG0_IRQHandler                
00000883  TIMG12_IRQHandler               
00000883  TIMG6_IRQHandler                
00000883  TIMG7_IRQHandler                
00000883  TIMG8_IRQHandler                
00000883  UART0_IRQHandler                
00000883  UART1_IRQHandler                
00000883  UART2_IRQHandler                
00000883  UART3_IRQHandler                
00000885  SYSCFG_DL_PWM_MOTOR_init        
00000915  __aeabi_fmul                    
00000915  __mulsf3                        
000009a1  motor                           
00000a2d  __TI_decompress_lzss            
00000aa9  PID_Reset                       
00000b0d  SYSCFG_DL_ENCODER_L_init        
00000b61  SYSCFG_DL_I2C_OLED_init         
00000bb5  SYSCFG_DL_initPower             
00000c09  digtal                          
00000c59  main                            
00000ca9  SYSCFG_DL_init                  
00000ced  SYSCFG_DL_SYSCTL_init           
00000d2d  GROUP1_IRQHandler               
00000d69  __aeabi_i2f                     
00000d69  __floatsisf                     
00000da5  __TI_auto_init_nobinit_nopinit  
00000de1  __muldsi3                       
00000e1b  Delay_Init                      
00000e1d  __aeabi_f2iz                    
00000e1d  __fixsfsi                       
00000e55  SYSCFG_DL_SYSTICK_init          
00000e85  Read_Encoder                    
00000eb1  SYSCFG_DL_TIMER_10MS_init       
00000edd  _c_int00_noargs                 
00000f05  DL_I2C_setClockConfig           
00000f2d  Motor_Init                      
00000f51  DL_Timer_setCaptCompUpdateMethod
00000f6d  DL_Timer_setClockConfig         
00000f89  PWM_SetMotorA                   
00000fa5  PWM_SetMotorB                   
00000fc1  DL_Timer_setCaptureCompareOutCtl
00000fd9  __TI_zero_init_nomemset         
00000fef  __TI_decompress_none            
00001001  DL_Timer_setCaptureCompareValue 
00001011  PWM_Init                        
00001021  SysTick_Handler                 
00001031  Delay_ms                        
0000103f  DL_Common_delayCycles           
00001049  __aeabi_memcpy                  
00001049  __aeabi_memcpy4                 
00001049  __aeabi_memcpy8                 
00001051  abort                           
00001056  C$$EXIT                         
00001057  HOSTexit                        
0000105b  Reset_Handler                   
0000105f  _system_pre_init                
000010b4  __TI_Handler_Table_Base         
000010c0  __TI_Handler_Table_Limit        
000010c8  __TI_CINIT_Base                 
000010d8  __TI_CINIT_Limit                
000010d8  __TI_CINIT_Warm                 
20200000  __start___llvm_prf_bits         
20200000  __start___llvm_prf_cnts         
20200000  __stop___llvm_prf_bits          
20200000  __stop___llvm_prf_cnts          
20200000  gPWM_MOTORBackup                
202000bc  gTIMER_10MSBackup               
20200178  gENCODER_LBackup                
20200218  Velocity_PWM1                   
2020021c  Velocity_PWM2                   
20200220  encoder_A                       
20200224  encoder_B                       
20200228  left                            
20200234  right                           
20200240  PWM_BASIC                       
20200244  Turn_Lock_State                 
20200248  Vel_A_ControlVelocity           
2020024c  Vel_A_Last_bias                 
20200250  Vel_B_ControlVelocity           
20200254  Vel_B_Last_bias                 
20200258  Velcity_Kd1                     
2020025c  Velcity_Kd2                     
20200260  Velcity_Ki1                     
20200264  Velcity_Ki2                     
20200268  Velcity_Kp1                     
2020026c  Velcity_Kp2                     
20200270  time                            
20200274  encoder_r_count                 
20200276  RorL                            
20207e00  __stack                         
20208000  __STACK_END                     
ffffffff  __TI_pprof_out_hndl             
ffffffff  __TI_prof_data_size             
ffffffff  __TI_prof_data_start            
ffffffff  __binit__                       
ffffffff  binit                           
UNDEFED   __mpu_init                      
UNDEFED   _system_post_cinit              

[139 symbols]
